[blasusfoods.local/index.html]
[backblue.gif]
[fade.gif]
[index.html]
[blasusfoods.local/wp-content/themes/bridge/css/style_dynamic6d50.css]
[blasusfoods.local/wp-content/themes/bridge/css/style_dynamic_responsive6d50.css]
[blasusfoods.local/wp-content/uploads/2024/05/cropped-Picsart_24-05-31_03-32-01-562-32x32.png]
[blasusfoods.local/wp-content/uploads/2024/05/cropped-Picsart_24-05-31_03-32-01-562-192x192.png]
[blasusfoods.local/wp-content/uploads/2024/05/cropped-Picsart_24-05-31_03-32-01-562-180x180.png]
[blasusfoods.local/comments/feed/index.html]
[blasusfoods.local/wp-content/uploads/2024/05/Jeera-Rusk-400g-3D_Ed-1.png]
[blasusfoods.local/wp-content/uploads/2024/05/Khari-Plain-200g-3D-1.png]
[blasusfoods.local/wp-content/uploads/2024/05/Khari-Masala-200g-3D_C-1.png]
[blasusfoods.local/feed/index.html]
[blasusfoods.local/wp-content/uploads/2024/05/Khari-Jeera-200g-3D_C-1.png]
[blasusfoods.local/wp-content/themes/bridge/js/default_dynamic6d50.js]
[blasusfoods.local/wp-content/themes/bridge/js/ajax.minef10.js]
[blasusfoods.local/index.html]
[blasusfoods.local/xmlrpc.php]
[blasusfoods.local/wp-content/plugins/LayerSlider/assets/static/layerslider/css/layersliderd230.css]
[blasusfoods.local/wp-content/plugins/contact-form-7/includes/css/stylesd9cd.css]
[blasusfoods.local/wp-content/plugins/marvy-animation-addons-for-elementor-lite/elementor/assets/css/marvy-custom4c26.css]
[blasusfoods.local/wp-content/plugins/marvy-animation-addons/elementor/assets/css/marvy-custom-pro7d4c.css]
[blasusfoods.local/wp-content/plugins/revslider/public/assets/css/rs61e39.css]
[blasusfoods.local/wp-includes/js/mediaelement/mediaelementplayer-legacy.min1f61.css]
[blasusfoods.local/wp-includes/js/mediaelement/wp-mediaelement.minef10.css]
[blasusfoods.local/wp-content/themes/bridge/styleef10.css]
[blasusfoods.local/wp-content/themes/bridge/css/font-awesome/css/font-awesome.minef10.css]
[blasusfoods.local/wp-content/themes/bridge/css/elegant-icons/style.minef10.css]
[blasusfoods.local/wp-json/wp/v2/pages/7.json]
[blasusfoods.local/wp-content/themes/bridge/css/linea-icons/styleef10.css]
[blasusfoods.local/wp-json/index.html]
[blasusfoods.local/xmlrpc0db0.php]
[blasusfoods.local/wp-content/themes/bridge/css/dripicons/dripiconsef10.css]
[blasusfoods.local/wp-json/oembed/1.0/embed4798]
[blasusfoods.local/wp-content/themes/bridge/css/kiko/kiko-allef10.css]
[blasusfoods.local/wp-content/uploads/2024/05/Picsart_24-05-31_03-32-01-562.png]
[blasusfoods.local/about-us/index.html]
[blasusfoods.local/wp-content/themes/bridge/css/font-awesome-5/css/font-awesome-5.minef10.css]
[blasusfoods.local/wp-json/oembed/1.0/embede1ae.json]
[blasusfoods.local/wp-content/uploads/2024/05/ALF3021unedited-alifstudio-scaled.jpg]
[blasusfoods.local/products/index.html]
[blasusfoods.local/wp-content/themes/bridge/css/stylesheet.minef10.css]
[blasusfoods.local/wp-content/uploads/2024/05/ALF2757unedited-alifstudio-scaled.jpg]
[blasusfoods.local/wp-content/uploads/2024/05/ALF2801unedited-alifstudio-scaled.jpg]
[blasusfoods.local/contact/index.html]
[blasusfoods.local/wp-content/uploads/2024/05/ALF2945unedited-alifstudio-1024x683.jpg]
[blasusfoods.local/wp-content/uploads/2024/05/ALF3000unedited-alifstudio-scaled.jpg]
[blasusfoods.local/wp-content/themes/bridge/css/printef10.css]
[blasusfoods.local/wp-content/themes/bridge/css/style_dynamic6d50.css]
[blasusfoods.local/wp-content/uploads/2024/05/Baby-Rusk_Tal-Pouch-3D.png]
[blasusfoods.local/wp-content/uploads/2024/05/Milk-Rusk-400g-3D_Ed-1.png]
[blasusfoods.local/wp-content/uploads/2024/05/Baby-Rusk_Jeera-Pouch-3D_C.png]
[blasusfoods.local/wp-content/themes/bridge/css/responsive.minef10.css]
[blasusfoods.local/wp-content/themes/bridge/css/style_dynamic_responsive6d50.css]
[blasusfoods.local/wp-content/uploads/2024/05/Khari-Methi-400g-3D_C-1.png]
[blasusfoods.local/wp-content/uploads/2024/05/Picsart_24-05-31_03-32-01-562-187x300.png]
[blasusfoods.local/wp-content/uploads/2024/05/Khari-Wheat-200g-3D_C-1.png]
[blasusfoods.local/wp-content/plugins/js_composer/assets/css/js_composer.min31dc.css]
[blasusfoods.local/wp-content/plugins/bridge-core/modules/core-dashboard/assets/css/core-dashboard.minef10.css]
[blasusfoods.local/wp-content/plugins/elementor/assets/lib/eicons/css/elementor-icons.minee95.css]
[blasusfoods.local/wp-content/plugins/elementor/assets/lib/animations/animations.minb12b.css]
[blasusfoods.local/wp-content/plugins/elementor/assets/css/frontend.minb12b.css]
[blasusfoods.local/wp-content/uploads/elementor/css/post-444a5bc.css]
[blasusfoods.local/wp-content/plugins/elementor-pro/assets/css/frontend.min521d.css]
[blasusfoods.local/wp-content/uploads/elementor/css/global213b.css]
[blasusfoods.local/wp-content/uploads/elementor/css/post-737f7.css]
[blasusfoods.local/wp-content/themes/bridge-child/styleef10.css]
[blasusfoods.local/wp-content/themes/bridge/js/plugins/ScrollToPlugin.minef10.js]
[blasusfoods.local/wp-includes/js/jquery/jquery.minf43b.js]
[blasusfoods.local/wp-includes/js/jquery/jquery-migrate.min5589.js]
[blasusfoods.local/wp-content/plugins/LayerSlider/assets/static/layerslider/js/layerslider.utilsd230.js]
[blasusfoods.local/wp-content/plugins/LayerSlider/assets/static/layerslider/js/layerslider.kreaturamedia.jqueryd230.js]
[blasusfoods.local/wp-content/plugins/LayerSlider/assets/static/layerslider/js/layerslider.transitionsd230.js]
[blasusfoods.local/wp-content/plugins/revslider/public/assets/js/rbtools.min1e39.js]
[blasusfoods.local/wp-content/plugins/revslider/public/assets/js/rs6.min1e39.js]
[blasusfoods.local/products/index.html]
[blasusfoods.local/about-us/index.html]
[blasusfoods.local/contact/index.html]
[blasusfoods.local/wp-content/plugins/LayerSlider/assets/static/layerslider/img/icon-muted-white.png]
[blasusfoods.local/wp-content/plugins/LayerSlider/assets/static/layerslider/img/icon-unmuted-white.png]
[blasusfoods.local/wp-content/plugins/revslider/public/assets/fonts/revicons/revicons90c6.eot]
[blasusfoods.local/wp-content/plugins/revslider/public/assets/fonts/revicons/revicons90c6.woff]
[blasusfoods.local/wp-content/plugins/revslider/public/assets/fonts/revicons/revicons90c6.ttf]
[blasusfoods.local/wp-content/plugins/revslider/public/assets/css/openhand.cur]
[blasusfoods.local/wp-content/plugins/revslider/public/assets/css/closedhand.cur]
[blasusfoods.local/wp-content/plugins/revslider/public/assets/assets/gridtile.png]
[blasusfoods.local/wp-content/plugins/revslider/public/assets/assets/gridtile_white.png]
[blasusfoods.local/wp-content/plugins/revslider/public/assets/assets/gridtile_3x3.png]
[blasusfoods.local/wp-content/plugins/revslider/public/assets/assets/gridtile_3x3_white.png]
[blasusfoods.local/wp-content/plugins/revslider/public/assets/assets/coloredbg.png]
[blasusfoods.local/wp-content/plugins/revslider/public/assets/assets/loader.gif]
[blasusfoods.local/wp-content/themes/bridge/css/font-awesome/fonts/fontawesome-webfont3e6e.eot]
[blasusfoods.local/wp-content/themes/bridge/css/font-awesome/fonts/fontawesome-webfontd41d.eot]
[blasusfoods.local/wp-content/themes/bridge/css/font-awesome/fonts/fontawesome-webfont3e6e.woff2]
[blasusfoods.local/wp-content/themes/bridge/css/font-awesome/fonts/fontawesome-webfont3e6e.woff]
[blasusfoods.local/wp-content/themes/bridge/css/font-awesome/fonts/fontawesome-webfont3e6e.ttf]
[blasusfoods.local/wp-content/themes/bridge/css/elegant-icons/fonts/ElegantIcons.eot]
[blasusfoods.local/wp-content/themes/bridge/css/elegant-icons/fonts/ElegantIconsd41d.eot]
[blasusfoods.local/wp-content/themes/bridge/css/elegant-icons/fonts/ElegantIcons.woff]
[blasusfoods.local/wp-content/themes/bridge/css/elegant-icons/fonts/ElegantIcons.ttf]
[blasusfoods.local/wp-content/themes/bridge/css/linea-icons/arrows/fonts/linea-arrows-10.eot]
[blasusfoods.local/wp-content/themes/bridge/css/linea-icons/arrows/fonts/linea-arrows-10d41d.eot]
[blasusfoods.local/wp-content/themes/bridge/css/linea-icons/arrows/fonts/linea-arrows-10.woff]
[blasusfoods.local/wp-content/themes/bridge/css/linea-icons/arrows/fonts/linea-arrows-10.ttf]
[blasusfoods.local/wp-content/themes/bridge/css/linea-icons/basic/fonts/linea-basic-10.eot]
[blasusfoods.local/wp-content/themes/bridge/css/linea-icons/basic/fonts/linea-basic-10d41d.eot]
[blasusfoods.local/wp-content/themes/bridge/css/linea-icons/basic/fonts/linea-basic-10.woff]
[blasusfoods.local/wp-content/themes/bridge/css/linea-icons/basic/fonts/linea-basic-10.ttf]
[blasusfoods.local/wp-content/themes/bridge/css/linea-icons/basic-elaboration/fonts/linea-basic-elaboration-10.eot]
[blasusfoods.local/wp-content/themes/bridge/css/linea-icons/basic-elaboration/fonts/linea-basic-elaboration-10d41d.eot]
[blasusfoods.local/wp-content/themes/bridge/css/linea-icons/basic-elaboration/fonts/linea-basic-elaboration-10.woff]
[blasusfoods.local/wp-content/themes/bridge/css/linea-icons/basic-elaboration/fonts/linea-basic-elaboration-10.ttf]
[blasusfoods.local/wp-content/themes/bridge/css/linea-icons/ecommerce/fonts/linea-ecommerce-10.eot]
[blasusfoods.local/wp-content/themes/bridge/css/linea-icons/ecommerce/fonts/linea-ecommerce-10d41d.eot]
[blasusfoods.local/wp-content/themes/bridge/css/linea-icons/ecommerce/fonts/linea-ecommerce-10.woff]
[blasusfoods.local/wp-content/themes/bridge/css/linea-icons/ecommerce/fonts/linea-ecommerce-10.ttf]
[blasusfoods.local/wp-content/themes/bridge/css/linea-icons/music/fonts/linea-music-10.eot]
[blasusfoods.local/wp-content/themes/bridge/css/linea-icons/music/fonts/linea-music-10d41d.eot]
[blasusfoods.local/wp-content/themes/bridge/css/linea-icons/music/fonts/linea-music-10.woff]
[blasusfoods.local/wp-content/themes/bridge/css/linea-icons/music/fonts/linea-music-10.ttf]
[blasusfoods.local/wp-content/themes/bridge/css/linea-icons/software/fonts/linea-software-10.eot]
[blasusfoods.local/wp-content/themes/bridge/css/linea-icons/software/fonts/linea-software-10d41d.eot]
[blasusfoods.local/wp-content/themes/bridge/css/linea-icons/software/fonts/linea-software-10.woff]
[blasusfoods.local/wp-content/themes/bridge/css/linea-icons/software/fonts/linea-software-10.ttf]
[blasusfoods.local/wp-content/themes/bridge/css/linea-icons/weather/fonts/linea-weather-10.eot]
[blasusfoods.local/wp-content/themes/bridge/css/linea-icons/weather/fonts/linea-weather-10d41d.eot]
[blasusfoods.local/wp-content/themes/bridge/css/linea-icons/weather/fonts/linea-weather-10.woff]
[blasusfoods.local/wp-content/themes/bridge/css/linea-icons/weather/fonts/linea-weather-10.ttf]
[blasusfoods.local/wp-content/themes/bridge/css/dripicons/fonts/dripicons-v2.eot]
[blasusfoods.local/wp-content/themes/bridge/css/dripicons/fonts/dripicons-v2d41d.eot]
[blasusfoods.local/wp-content/themes/bridge/css/dripicons/fonts/dripicons-v2.woff]
[blasusfoods.local/wp-content/themes/bridge/css/dripicons/fonts/dripicons-v2.ttf]
[blasusfoods.local/wp-content/themes/bridge/css/kiko/webfonts/fontkikolight.eot]
[blasusfoods.local/wp-content/themes/bridge/css/kiko/webfonts/fontkikolight.woff]
[blasusfoods.local/wp-content/themes/bridge/css/kiko/webfonts/fontkikolight.woff2]
[blasusfoods.local/wp-content/themes/bridge/css/kiko/webfonts/fontkikolight.otf]
[blasusfoods.local/wp-content/themes/bridge/css/kiko/webfonts/fontkikoreg.eot]
[blasusfoods.local/wp-content/themes/bridge/css/kiko/webfonts/fontkikoreg.woff]
[blasusfoods.local/wp-content/themes/bridge/css/kiko/webfonts/fontkikoreg.woff2]
[blasusfoods.local/wp-content/themes/bridge/css/kiko/webfonts/fontkikoreg.otf]
[blasusfoods.local/wp-content/themes/bridge/css/kiko/webfonts/fontkikosolid.eot]
[blasusfoods.local/wp-content/themes/bridge/css/kiko/webfonts/fontkikosolid.woff]
[blasusfoods.local/wp-content/themes/bridge/css/kiko/webfonts/fontkikosolid.woff2]
[blasusfoods.local/wp-content/themes/bridge/css/kiko/webfonts/fontkikosolid.otf]
[blasusfoods.local/wp-content/themes/bridge/css/font-awesome-5/webfonts/fa-brands-400.eot]
[blasusfoods.local/wp-content/themes/bridge/css/font-awesome-5/webfonts/fa-brands-400d41d.eot]
[blasusfoods.local/wp-content/themes/bridge/css/font-awesome-5/webfonts/fa-brands-400.woff2]
[blasusfoods.local/wp-content/themes/bridge/css/font-awesome-5/webfonts/fa-brands-400.woff]
[blasusfoods.local/wp-content/themes/bridge/css/font-awesome-5/webfonts/fa-brands-400.ttf]
[blasusfoods.local/wp-content/themes/bridge/css/font-awesome-5/webfonts/fa-regular-400.eot]
[blasusfoods.local/wp-content/themes/bridge/css/font-awesome-5/webfonts/fa-regular-400d41d.eot]
[blasusfoods.local/wp-content/themes/bridge/css/font-awesome-5/webfonts/fa-regular-400.woff2]
[blasusfoods.local/wp-content/themes/bridge/css/font-awesome-5/webfonts/fa-regular-400.woff]
[blasusfoods.local/wp-content/themes/bridge/css/font-awesome-5/webfonts/fa-regular-400.ttf]
[blasusfoods.local/wp-content/themes/bridge/css/font-awesome-5/webfonts/fa-solid-900.eot]
[blasusfoods.local/wp-content/themes/bridge/css/font-awesome-5/webfonts/fa-solid-900d41d.eot]
[blasusfoods.local/wp-content/themes/bridge/css/font-awesome-5/webfonts/fa-solid-900.woff2]
[blasusfoods.local/wp-content/themes/bridge/css/font-awesome-5/webfonts/fa-solid-900.woff]
[blasusfoods.local/wp-content/themes/bridge/css/font-awesome-5/webfonts/fa-solid-900.ttf]
[blasusfoods.local/wp-content/themes/bridge/css/img/pixel-video.png]
[blasusfoods.local/wp-content/themes/bridge/css/img/portfolio_list_button.png]
[blasusfoods.local/wp-content/themes/bridge/css/img/portfolio_list_button_hover.png]
[blasusfoods.local/wp-content/themes/bridge/css/img/portfolio_list_button@1_5x.png]
[blasusfoods.local/wp-content/themes/bridge/css/img/portfolio_list_button_hover@1_5x.png]
[blasusfoods.local/wp-content/themes/bridge/css/img/box_image_shadow.html]
[blasusfoods.local/wp-content/themes/bridge/css/img/portfolio_list_button_hover@2x.png]
[blasusfoods.local/wp-content/themes/bridge/css/img/portfolio_list_button@2x.png]
[blasusfoods.local/wp-content/themes/bridge/css/img/button-bg-px.png]
[blasusfoods.local/wp-content/themes/bridge/css/img/cursor_plus.cur]
[blasusfoods.local/wp-content/themes/bridge/css/img/cursor_plus.png]
[blasusfoods.local/wp-content/themes/bridge/css/img/plus.png]
[blasusfoods.local/wp-content/themes/bridge/css/img/minus.png]
[blasusfoods.local/wp-content/themes/bridge/css/img/plus@1_5x.png]
[blasusfoods.local/wp-content/themes/bridge/css/img/minus@1_5x.png]
[blasusfoods.local/wp-content/themes/bridge/css/img/plus@2x.png]
[blasusfoods.local/wp-content/themes/bridge/css/img/minus@2x.png]
[blasusfoods.local/wp-content/themes/bridge/css/img/close_side_menu.png]
[blasusfoods.local/wp-content/themes/bridge/css/img/close_side_menu@2x.png]
[blasusfoods.local/wp-content/themes/bridge/css/img/close_side_menu_dark.png]
[blasusfoods.local/wp-content/themes/bridge/css/img/close_side_menu_dark@2x.png]
[blasusfoods.local/wp-content/themes/bridge/css/img/prettyPhoto/sprite.png]
[blasusfoods.local/wp-content/themes/bridge/css/img/prettyPhoto/sprite_x.png]
[blasusfoods.local/wp-content/themes/bridge/css/img/prettyPhoto/sprite_y.png]
[blasusfoods.local/wp-content/themes/bridge/css/img/prettyPhoto/sprite_next.png]
[blasusfoods.local/wp-content/themes/bridge/css/img/prettyPhoto/sprite_prev.png]
[blasusfoods.local/wp-content/themes/bridge/css/img/prettyPhoto/default_thumb.png]
[blasusfoods.local/wp-content/themes/bridge/css/img/prettyPhoto/loader.gif]
[blasusfoods.local/wp-content/themes/bridge/css/img/audio/pause.png]
[blasusfoods.local/wp-content/themes/bridge/images/prettyPhoto/facebook/default_thumbnail.html]
[blasusfoods.local/wp-content/themes/bridge/css/img/audio/stop.png]
[blasusfoods.local/wp-content/themes/bridge/css/img/audio/sound.png]
[blasusfoods.local/wp-content/themes/bridge/css/img/audio/mute.png]
[blasusfoods.local/wp-content/themes/bridge/css/img/wc_select_arrow.png]
[blasusfoods.local/wp-content/themes/bridge/css/img/wc_select_arrow_footer.png]
[blasusfoods.local/wp-content/themes/bridge/css/img/frame_arrow_right.png]
[blasusfoods.local/wp-content/themes/bridge/css/img/frame_arrow_right_hover.png]
[blasusfoods.local/wp-content/themes/bridge/css/img/frame_arrow_left.png]
[blasusfoods.local/wp-content/themes/bridge/css/img/frame_arrow_left_hover.png]
[blasusfoods.local/wp-content/themes/bridge/css/img/frame_arrow_left@1_5x.png]
[blasusfoods.local/wp-content/themes/bridge/css/img/frame_arrow_left_hover@1_5x.png]
[blasusfoods.local/wp-content/themes/bridge/css/img/frame_arrow_right@1_5x.png]
[blasusfoods.local/wp-content/themes/bridge/css/img/frame_arrow_right_hover@1_5x.png]
[blasusfoods.local/wp-content/themes/bridge/css/img/frame_arrow_left@2x.png]
[blasusfoods.local/wp-content/themes/bridge/css/img/frame_arrow_left_hover@2x.png]
[blasusfoods.local/wp-content/themes/bridge/css/img/frame_arrow_right@2x.png]
[blasusfoods.local/wp-content/themes/bridge/css/img/frame_arrow_right_hover@2x.png]
[blasusfoods.local/wp-content/themes/bridge/css/img/content_menu_arrow.png]
[blasusfoods.local/wp-content/themes/bridge/css/img/vertical_menu_cross.png]
[blasusfoods.local/wp-content/themes/bridge/css/img/vertical_menu_minus.png]
[blasusfoods.local/wp-content/themes/bridge/css/img/vertical_menu_cross_white.png]
[blasusfoods.local/wp-content/themes/bridge/css/img/vertical_menu_minus_white.png]
[blasusfoods.local/wp-content/themes/bridge/css/img/vertical_menu_cross_black.png]
[blasusfoods.local/wp-content/themes/bridge/css/img/vertical_menu_minus_black.png]
[blasusfoods.local/wp-content/themes/bridge/css/img/vertical_menu_cross@1_5x.png]
[blasusfoods.local/wp-content/themes/bridge/css/img/vertical_menu_minus@1_5x.png]
[blasusfoods.local/wp-content/themes/bridge/css/img/vertical_menu_cross_white@1_5x.png]
[blasusfoods.local/wp-content/themes/bridge/css/img/vertical_menu_minus_white@1_5x.png]
[blasusfoods.local/wp-content/themes/bridge/css/img/vertical_menu_cross_black@1_5x.png]
[blasusfoods.local/wp-content/themes/bridge/css/img/vertical_menu_minus_black@1_5x.png]
[blasusfoods.local/wp-content/themes/bridge/css/img/vertical_menu_cross@2x.png]
[blasusfoods.local/wp-content/themes/bridge/css/img/vertical_menu_minus@2x.png]
[blasusfoods.local/wp-content/themes/bridge/css/img/vertical_menu_cross_white@2x.png]
[blasusfoods.local/wp-content/themes/bridge/css/img/vertical_menu_minus_white@2x.png]
[blasusfoods.local/wp-content/themes/bridge/css/img/vertical_menu_cross_black@2x.png]
[blasusfoods.local/wp-content/themes/bridge/css/img/vertical_menu_minus_black@2x.png]
[blasusfoods.local/wp-content/themes/bridge/css/img/mds-phone-top.png]
[blasusfoods.local/wp-content/plugins/js_composer/assets/vc/alert.png]
[blasusfoods.local/wp-content/plugins/js_composer/assets/vc/info.png]
[blasusfoods.local/wp-content/plugins/js_composer/assets/vc/tick.png]
[blasusfoods.local/wp-content/plugins/js_composer/assets/vc/exclamation.png]
[blasusfoods.local/wp-content/plugins/js_composer/assets/images/icons/address-book.png]
[blasusfoods.local/wp-content/plugins/js_composer/assets/images/icons/alarm-clock.png]
[blasusfoods.local/wp-content/plugins/js_composer/assets/images/icons/anchor.png]
[blasusfoods.local/wp-content/plugins/js_composer/assets/images/icons/application-image.png]
[blasusfoods.local/wp-content/plugins/js_composer/assets/images/icons/arrow.png]
[blasusfoods.local/wp-content/plugins/js_composer/assets/images/icons/asterisk.png]
[blasusfoods.local/wp-content/plugins/js_composer/assets/images/icons/auction-hammer.png]
[blasusfoods.local/wp-content/plugins/js_composer/assets/images/icons/balloon.png]
[blasusfoods.local/wp-content/plugins/js_composer/assets/images/icons/balloon-buzz.png]
[blasusfoods.local/wp-content/plugins/js_composer/assets/images/icons/balloon-facebook.png]
[blasusfoods.local/wp-content/plugins/js_composer/assets/images/icons/balloon-twitter.png]
[blasusfoods.local/wp-content/plugins/js_composer/assets/images/icons/battery-full.png]
[blasusfoods.local/wp-content/plugins/js_composer/assets/images/icons/binocular.png]
[blasusfoods.local/wp-content/plugins/js_composer/assets/images/icons/blue-document-excel.png]
[blasusfoods.local/wp-content/plugins/js_composer/assets/images/icons/blue-document-image.png]
[blasusfoods.local/wp-content/plugins/js_composer/assets/images/icons/blue-document-music.png]
[blasusfoods.local/wp-content/plugins/js_composer/assets/images/icons/blue-document-office.png]
[blasusfoods.local/wp-content/plugins/js_composer/assets/images/icons/blue-document-pdf.png]
[blasusfoods.local/wp-content/plugins/js_composer/assets/images/icons/blue-document-powerpoint.png]
[blasusfoods.local/wp-content/plugins/js_composer/assets/images/icons/blue-document-word.png]
[blasusfoods.local/wp-content/plugins/js_composer/assets/images/icons/bookmark.png]
[blasusfoods.local/wp-content/plugins/js_composer/assets/images/icons/camcorder.png]
[blasusfoods.local/wp-content/plugins/js_composer/assets/images/icons/camera.png]
[blasusfoods.local/wp-content/plugins/js_composer/assets/images/icons/chart.png]
[blasusfoods.local/wp-content/plugins/js_composer/assets/images/icons/chart-pie.png]
[blasusfoods.local/wp-content/plugins/js_composer/assets/images/icons/clock.png]
[blasusfoods.local/wp-content/plugins/js_composer/assets/images/icons/control.png]
[blasusfoods.local/wp-content/plugins/js_composer/assets/images/icons/fire.png]
[blasusfoods.local/wp-content/plugins/js_composer/assets/images/icons/heart.png]
[blasusfoods.local/wp-content/plugins/js_composer/assets/images/icons/mail.png]
[blasusfoods.local/wp-content/plugins/js_composer/assets/images/icons/plus-shield.png]
[blasusfoods.local/wp-content/plugins/js_composer/assets/images/icons/video.png]
[blasusfoods.local/wp-content/plugins/js_composer/assets/fonts/vc_icons_v2/fonts/vcpb-plugin-iconsb82a.eot]
[blasusfoods.local/wp-content/plugins/js_composer/assets/fonts/vc_icons_v2/fonts/vcpb-plugin-iconsb82a.ttf]
[blasusfoods.local/wp-content/plugins/js_composer/assets/fonts/vc_icons_v2/fonts/vcpb-plugin-iconsb82a.woff]
[blasusfoods.local/wp-content/plugins/js_composer/assets/images/toggle_open.png]
[blasusfoods.local/wp-content/plugins/js_composer/assets/images/toggle_close.png]
[blasusfoods.local/wp-content/plugins/js_composer/assets/images/flickr.png]
[blasusfoods.local/wp-content/plugins/js_composer/assets/fonts/vc_grid/vc_grid_v157a1.eot]
[blasusfoods.local/wp-content/plugins/js_composer/assets/fonts/vc_grid/vc_grid_v1d41d.eot]
[blasusfoods.local/wp-content/plugins/js_composer/assets/fonts/vc_grid/vc_grid_v157a1.woff]
[blasusfoods.local/wp-content/plugins/js_composer/assets/fonts/vc_grid/vc_grid_v157a1.ttf]
[blasusfoods.local/wp-content/plugins/js_composer/assets/images/spinner.gif]
[blasusfoods.local/wp-content/plugins/js_composer/assets/vc/remove.png]
[blasusfoods.local/wp-content/plugins/elementor/assets/lib/eicons/fonts/eicons0b93.eot]
[blasusfoods.local/wp-content/plugins/elementor/assets/lib/eicons/fonts/eicons0b93.woff2]
[blasusfoods.local/wp-content/plugins/elementor/assets/lib/eicons/fonts/eicons0b93.woff]
[blasusfoods.local/wp-content/plugins/elementor/assets/lib/eicons/fonts/eicons0b93.ttf]
[blasusfoods.local/68/dD/index.html]
[blasusfoods.local/Version/index.html]
[blasusfoods.local/8y.html]
[blasusfoods.local/pU/index.html]
[blasusfoods.local/42/index.html]
[blasusfoods.local/31/index.html]
[blasusfoods.local/1P/68.1P.html]
[blasusfoods.local/images/transparent.html]
[blasusfoods.local/assets/transparent.html]
[player.vimeo.com/api/player.js]
[blasusfoods.local/wp-json/wp/v2/pages/151.json]
[blasusfoods.local/wp-json/oembed/1.0/embedca18.json]
[blasusfoods.local/wp-json/oembed/1.0/embed80d0]
[blasusfoods.local/wp-json/wp/v2/pages/210.json]
[blasusfoods.local/wp-json/oembed/1.0/embed760c.json]
[blasusfoods.local/wp-content/uploads/2024/08/Raj-Bhai.png]
[blasusfoods.local/wp-json/oembed/1.0/embedef5c]
[blasusfoods.local/wp-json/wp/v2/pages/181.json]
[blasusfoods.local/wp-json/oembed/1.0/embed6947.json]
[blasusfoods.local/wp-json/oembed/1.0/embed68d6]
[blasusfoods.local/wp-content/plugins/elementor/assets/lib/e-gallery/css/e-gallery.min7359.css]
[blasusfoods.local/wp-content/plugins/contact-form-7/includes/swv/js/indexd9cd.js]
[blasusfoods.local/wp-content/plugins/contact-form-7/includes/js/indexd9cd.js]
[blasusfoods.local/wp-includes/js/jquery/ui/core.min3f14.js]
[blasusfoods.local/wp-includes/js/jquery/ui/accordion.min3f14.js]
[blasusfoods.local/wp-includes/js/jquery/ui/tabs.min3f14.js]
[blasusfoods.local/wp-content/themes/bridge/js/plugins/doubletaptogoef10.js]
[blasusfoods.local/wp-content/themes/bridge/js/plugins/modernizr.minef10.js]
[blasusfoods.local/wp-content/themes/bridge/js/plugins/jquery.appearef10.js]
[blasusfoods.local/wp-includes/js/hoverIntent.min3e5a.js]
[blasusfoods.local/wp-content/themes/bridge/js/plugins/counteref10.js]
[blasusfoods.local/wp-content/themes/bridge/js/plugins/easypiechartef10.js]
[blasusfoods.local/wp-content/themes/bridge/js/plugins/mixitupef10.js]
[blasusfoods.local/wp-content/themes/bridge/js/plugins/jquery.prettyPhotoef10.js]
[blasusfoods.local/wp-content/themes/bridge/js/plugins/jquery.fitvidsef10.js]
[blasusfoods.local/wp-content/themes/bridge/js/plugins/jquery.flexslider-minef10.js]
[blasusfoods.local/wp-includes/js/mediaelement/mediaelement-and-player.min1f61.js]
[blasusfoods.local/wp-includes/js/mediaelement/mediaelement-migrate.minef10.js]
[blasusfoods.local/wp-includes/js/mediaelement/wp-mediaelement.minef10.js]
[blasusfoods.local/wp-content/themes/bridge/js/plugins/infinitescroll.minef10.js]
[blasusfoods.local/wp-content/themes/bridge/js/plugins/jquery.waitforimagesef10.js]
[blasusfoods.local/wp-includes/js/jquery/jquery.form.minb2f9.js]
[blasusfoods.local/wp-content/themes/bridge/js/plugins/waypoints.minef10.js]
[blasusfoods.local/wp-content/themes/bridge/js/plugins/jplayer.minef10.js]
[blasusfoods.local/wp-content/themes/bridge/js/plugins/bootstrap.carouselef10.js]
[blasusfoods.local/wp-content/themes/bridge/js/plugins/skrollref10.js]
[blasusfoods.local/wp-content/themes/bridge/js/plugins/jquery.easing.1.3ef10.js]
[blasusfoods.local/wp-content/themes/bridge/js/plugins/abstractBaseClassef10.js]
[blasusfoods.local/wp-content/themes/bridge/js/plugins/jquery.countdownef10.js]
[blasusfoods.local/wp-content/themes/bridge/js/plugins/jquery.multiscroll.minef10.js]
[blasusfoods.local/wp-content/themes/bridge/js/plugins/jquery.justifiedGallery.minef10.js]
[blasusfoods.local/wp-content/themes/bridge/js/plugins/bigtextef10.js]
[blasusfoods.local/wp-content/themes/bridge/js/plugins/jquery.sticky-kit.minef10.js]
[blasusfoods.local/wp-content/themes/bridge/js/plugins/owl.carousel.minef10.js]
[blasusfoods.local/wp-content/themes/bridge/js/plugins/typedef10.js]
[blasusfoods.local/wp-content/themes/bridge/js/plugins/jquery.carouFredSel-6.2.1.minef10.js]
[blasusfoods.local/wp-content/themes/bridge/js/plugins/lemmon-slider.minef10.js]
[blasusfoods.local/wp-content/themes/bridge/js/plugins/jquery.fullPage.minef10.js]
[blasusfoods.local/wp-content/themes/bridge/js/plugins/jquery.mousewheel.minef10.js]
[blasusfoods.local/wp-content/themes/bridge/js/plugins/jquery.touchSwipe.minef10.js]
[blasusfoods.local/wp-content/themes/bridge/js/plugins/jquery.isotope.minef10.js]
[blasusfoods.local/wp-content/themes/bridge/js/plugins/packery-mode.pkgd.minef10.js]
[blasusfoods.local/wp-content/themes/bridge/js/plugins/jquery.stretchef10.js]
[blasusfoods.local/wp-content/themes/bridge/js/plugins/imagesloadedef10.js]
[blasusfoods.local/wp-content/themes/bridge/js/plugins/rangeslider.minef10.js]
[blasusfoods.local/wp-content/themes/bridge/js/plugins/jquery.event.moveef10.js]
[blasusfoods.local/wp-content/themes/bridge/js/plugins/jquery.twentytwentyef10.js]
[blasusfoods.local/wp-content/plugins/elementor/assets/lib/swiper/swiper.min48f5.js]
[blasusfoods.local/youtu.be/index.html]
[blasusfoods.local/wp-content/themes/bridge/js/plugins/TweenLite.minef10.js]
[blasusfoods.local/Trident/index.html]
[blasusfoods.local/Gecko/index.html]
[blasusfoods.local/wp-content/themes/bridge/js/plugins/smoothPageScroll.minef10.js]
[blasusfoods.local/version/index-2.html]
[blasusfoods.local/wp-content/themes/bridge/js/default_dynamic6d50.js]
[blasusfoods.local/GET.html]
[blasusfoods.local/wp-content/themes/bridge/js/default.minef10.js]
[blasusfoods.local/wp-includes/js/comment-reply.minef10.js]
[blasusfoods.local/wp-content/themes/bridge/js/ajax.minef10.js]
[blasusfoods.local/wp-content/plugins/js_composer/assets/js/dist/js_composer_front.min31dc.js]
[blasusfoods.local/Edge/index.html]
[blasusfoods.local/Firefox/index.html]
[blasusfoods.local/wp-content/themes/bridge/index.html]
[blasusfoods.local/wp-content/themes/bridge/js/plugins/qode-like.minef10.js]
[blasusfoods.local/Error pJS - No image.src]
[blasusfoods.local/wp-content/plugins/marvy-animation-addons-for-elementor-lite/elementor/assets/js/lib/particles.min4c26.js]
[blasusfoods.local/wp-content/plugins/marvy-animation-addons-for-elementor-lite/elementor/assets/js/custom/marvy.fancy.rotate4c26.js]
[blasusfoods.local/wp-content/plugins/elementor/assets/lib/e-gallery/js/e-gallery.min7359.js]
[blasusfoods.local/wp-content/plugins/elementor/assets/js/webpack.runtime.minb12b.js]
[blasusfoods.local/wp-content/plugins/elementor/assets/js/frontend-modules.minb12b.js]
[blasusfoods.local/wp-content/plugins/elementor-pro/assets/lib/sticky/jquery.sticky.min521d.js]
[blasusfoods.local/wp-content/plugins/elementor-pro/assets/js/frontend.min521d.js]
[blasusfoods.local/wp-content/plugins/elementor/assets/lib/dialog/dialog.mina288.js]
[blasusfoods.local/wp-content/plugins/elementor/assets/lib/waypoints/waypoints.min05da.js]
[blasusfoods.local/wp-content/plugins/elementor/assets/lib/share-link/share-link.minb12b.js]
[blasusfoods.local/wp-content/plugins/elementor/assets/js/frontend.minb12b.js]
[blasusfoods.local/wp-content/plugins/elementor/assets/js/preloaded-elements-handlers.minb12b.js]
[blasusfoods.local/wp-includes/css/dist/block-library/style.minef10.css]
[blasusfoods.local/wp-content/plugins/revslider/public/assets/fonts/revicons/revicons90c6.svg]
[blasusfoods.local/wp-includes/js/mediaelement/mejs-controls.svg]
[blasusfoods.local/wp-content/themes/bridge/css/font-awesome/fonts/fontawesome-webfont3e6e.svg]
[blasusfoods.local/wp-content/themes/bridge/css/elegant-icons/fonts/ElegantIcons.svg]
[blasusfoods.local/wp-content/themes/bridge/css/linea-icons/arrows/fonts/linea-arrows-10.svg]
[blasusfoods.local/wp-content/themes/bridge/css/linea-icons/basic/fonts/linea-basic-10.svg]
[blasusfoods.local/wp-content/themes/bridge/css/linea-icons/basic-elaboration/fonts/linea-basic-elaboration-10.svg]
[blasusfoods.local/wp-content/themes/bridge/css/linea-icons/ecommerce/fonts/linea-ecommerce-10.svg]
[blasusfoods.local/wp-content/themes/bridge/css/linea-icons/music/fonts/linea-music-10.svg]
[blasusfoods.local/wp-content/themes/bridge/css/linea-icons/software/fonts/linea-software-10.svg]
[blasusfoods.local/wp-content/themes/bridge/css/linea-icons/weather/fonts/linea-weather-10.svg]
[blasusfoods.local/wp-content/themes/bridge/css/dripicons/fonts/dripicons-v2.svg]
[blasusfoods.local/wp-content/themes/bridge/css/kiko/webfonts/fontkikolight.svg]
[blasusfoods.local/-negative.html]
[blasusfoods.local/wp-content/themes/bridge/css/kiko/webfonts/fontkikoreg.svg]
[blasusfoods.local/wp-content/themes/bridge/css/kiko/webfonts/fontkikosolid.svg]
[blasusfoods.local/wp-content/themes/bridge/css/font-awesome-5/webfonts/fa-brands-400.svg]
[blasusfoods.local/wp-content/themes/bridge/css/font-awesome-5/webfonts/fa-regular-400.svg]
[blasusfoods.local/wp-content/themes/bridge/css/font-awesome-5/webfonts/fa-solid-900.svg]
[blasusfoods.local/wp-content/themes/bridge/css/img/box_image_shadow.html]
[blasusfoods.local/wp-content/themes/bridge/css/img/desaturate.svg]
[blasusfoods.local/wp-content/themes/bridge/images/prettyPhoto/facebook/default_thumbnail.html]
[blasusfoods.local/wp-content/themes/bridge/css/img/audio/play.png]
[blasusfoods.local/wp-content/themes/bridge/css/img/audio/controls.png]
[blasusfoods.local/wp-content/plugins/js_composer/assets/fonts/vc_icons_v2/fonts/vcpb-plugin-iconsb82a.svg]
[blasusfoods.local/wp-content/plugins/js_composer/assets/vc/blur.svg]
[blasusfoods.local/wp-content/plugins/js_composer/assets/fonts/vc_grid/vc_grid_v157a1.svg]
[blasusfoods.local/wp-content/plugins/elementor/assets/lib/eicons/fonts/eicons0b93.svg]
[blasusfoods.local/wp-content/themes/bridge/style.css]
[blasusfoods.local/Version/index.html]
[blasusfoods.local/68/dD/index.html]
[blasusfoods.local/8y.html]
[blasusfoods.local/pU/index.html]
[blasusfoods.local/42/index.html]
[blasusfoods.local/f7_/index.html]
[blasusfoods.local/7x_/index.html]
[blasusfoods.local/31/index.html]
[blasusfoods.local/rK rL f9 rM @ 7x_/68.rN.5y/index.html]
[blasusfoods.local/1P/68.1P.html]
[blasusfoods.local/images/transparent.html]
[blasusfoods.local/assets/transparent.html]
[blasusfoods.local/origin=https_/index.html]
[blasusfoods.local/wp-content/uploads/elementor/css/post-1519178.css]
[blasusfoods.local/indexe539.html]
[blasusfoods.local/wp-content/uploads/elementor/css/post-210697e.css]
[blasusfoods.local/indexe4c6.html]
[blasusfoods.local/wp-content/uploads/elementor/css/post-1819397.css]
[blasusfoods.local/index7c2c.html]
[blasusfoods.local/t]
[blasusfoods.local/youtu.be/index.html]
[blasusfoods.local/GET.html]
[blasusfoods.local/wp-content/themes/bridge/js/plugins/Chart.minef10.js]
[blasusfoods.local/Trident/index.html]
[blasusfoods.local/Edge/index.html]
[blasusfoods.local/Gecko/index.html]
[blasusfoods.local/Firefox/index.html]
[blasusfoods.local/version/index-2.html]
[blasusfoods.local/wp-content/themes/bridge/index.html]
[blasusfoods.local/tattoo-removal-laser-option-is-last-try-to-make/index.html]
[assets.pinterest.com/js/pinit.js]
[apis.google.com/js/plusone.js]
[blasusfoods.local/Error pJS - No image.html]
[blasusfoods.local/-negative.html]
[blasusfoods.local/tattoo-removal-laser-option-is-last-try-to-make/feed/index.html]
[blasusfoods.local/tattoo-removal-laser-option-is-last-try-to-make/index.html]
[blasusfoods.local/7x_/2V.3o.5y/2J/2V.html]
[blasusfoods.local/wp-content/uploads/elementor/css/post-756579.css]
[blasusfoods.local/wp-json/wp/v2/posts/75.json]
[blasusfoods.local/wp-json/oembed/1.0/embedbb9a.json]
[blasusfoods.local/wp-json/oembed/1.0/embed1558]
[blasusfoods.local/indexe839.html]
[blasusfoods.local/author/charlz/index.html]
[blasusfoods.local/category/ink/index.html]
[blasusfoods.local/category/ink/index.html]
[blasusfoods.local/tag/blackwork/index.html]
[blasusfoods.local/tag/chicano/index.html]
[blasusfoods.local/tag/custom/index.html]
[blasusfoods.local/tag/illustrative/index.html]
[blasusfoods.local/author/charlz/index.html]
[blasusfoods.local/tag/motive/index.html]
[blasusfoods.local/tag/neo-traditional/index.html]
[blasusfoods.local/tag/realistic/index.html]
[blasusfoods.local/tag/tribal/index.html]
[blasusfoods.local/category/ink/feed/index.html]
[blasusfoods.local/tag/blackwork/index.html]
[blasusfoods.local/wp-json/wp/v2/categories/2.json]
[blasusfoods.local/tag/chicano/index.html]
[blasusfoods.local/laser-tattoo-removal-expirie-nes-scars-healing/index.html]
[blasusfoods.local/author/charlz/feed/index.html]
[blasusfoods.local/coulors-and-skins-reactopns-to-ink-and-shading/index.html]
[blasusfoods.local/tag/custom/index.html]
[blasusfoods.local/wp-json/wp/v2/users/1.json]
[blasusfoods.local/tag/illustrative/index.html]
[blasusfoods.local/category/uncategorized/index.html]
[blasusfoods.local/tag/blackwork/feed/index.html]
[blasusfoods.local/hello-world/index.html]
[blasusfoods.local/tag/motive/index.html]
[blasusfoods.local/wp-json/wp/v2/tags/3.json]
[blasusfoods.local/tag/chicano/feed/index.html]
[blasusfoods.local/tag/neo-traditional/index.html]
[blasusfoods.local/wp-json/wp/v2/tags/4.json]
[blasusfoods.local/tag/custom/feed/index.html]
[blasusfoods.local/tag/illustrative/feed/index.html]
[blasusfoods.local/tag/realistic/index.html]
[blasusfoods.local/wp-json/wp/v2/tags/5.json]
[blasusfoods.local/tag/motive/feed/index.html]
[blasusfoods.local/wp-json/wp/v2/tags/6.json]
[blasusfoods.local/tag/tribal/index.html]
[blasusfoods.local/wp-json/wp/v2/tags/7.json]
[blasusfoods.local/laser-tattoo-removal-expirie-nes-scars-healing/index.html]
[blasusfoods.local/wp-json/wp/v2/tags/8.json]
[blasusfoods.local/wp-json/wp/v2/tags/9.json]
[blasusfoods.local/coulors-and-skins-reactopns-to-ink-and-shading/index.html]
[blasusfoods.local/tag/realistic/feed/index.html]
[blasusfoods.local/tag/tribal/feed/index.html]
[blasusfoods.local/laser-tattoo-removal-expirie-nes-scars-healing/feed/index.html]
[blasusfoods.local/wp-json/wp/v2/tags/10.json]
[blasusfoods.local/hello-world/index.html]
[blasusfoods.local/category/uncategorized/index.html]
[blasusfoods.local/wp-json/wp/v2/posts/71.json]
[blasusfoods.local/wp-json/oembed/1.0/embed2a7f.json]
[blasusfoods.local/wp-content/uploads/elementor/css/post-71fb11.css]
[blasusfoods.local/coulors-and-skins-reactopns-to-ink-and-shading/feed/index.html]
[blasusfoods.local/wp-json/oembed/1.0/embed2b9d]
[blasusfoods.local/index6cf3.html]
[blasusfoods.local/wp-json/wp/v2/posts/66.json]
[blasusfoods.local/wp-content/uploads/elementor/css/post-66fb11.css]
[blasusfoods.local/wp-json/oembed/1.0/embed2f86.json]
[blasusfoods.local/hello-world/feed/index.html]
[blasusfoods.local/wp-json/oembed/1.0/embed59f3]
[blasusfoods.local/wp-json/wp/v2/posts/1.json]
[blasusfoods.local/index4f61.html]
[blasusfoods.local/category/uncategorized/feed/index.html]
[blasusfoods.local/wp-json/oembed/1.0/embedec5f.json]
[blasusfoods.local/wp-json/oembed/1.0/embed8b09]
[blasusfoods.local/indexcff1.html]
[blasusfoods.local/hello-world/index6809.html]
[blasusfoods.local/hello-world/index6809.html]
[blasusfoods.local/tag/neo-traditional/feed/index.html]
[blasusfoods.local/wp-json/wp/v2/categories/1.json]
